Line 133, col 5: illegal character (?)
Program
..Id(teste)
..MethodDecl
....MethodHeader
......Int
......Id(main)
......MethodParams
........ParamDecl
..........StringArray
..........Id(asd)
....MethodBody
..MethodDecl
....MethodHeader
......Double
......Id(teste)
......MethodParams
........ParamDecl
..........Bool
..........Id(z)
....MethodBody
......Assign
........Id(z)
........Add
..........Id(z)
..........DecLit(1)
..MethodDecl
....MethodHeader
......Bool
......Id(ifsANDcenas)
......MethodParams
........ParamDecl
..........Int
..........Id(n)
........ParamDecl
..........Double
..........Id(c)
....MethodBody
......Assign
........Id(flag)
........BoolLit(true)
......If
........Gt
..........Id(a)
..........Id(b)
........Block
..........Call
............Id(print)
............Id(b)
..........Call
............Id(print)
............Id(a)
........Block
..........Call
............Id(print)
..........Call
............Id(print)
............Id(a)
............Id(b)
............Id(c)
..........If
............Gt
..............Id(x)
..............Id(a)
............Block
............Block
..........Print
............StrLit("asd")
..........Print
............Id(a)
......If
........Lt
..........Id(a)
..........Id(b)
........Block
........Block
......If
........Lt
..........Id(a)
..........Id(b)
........Block
........Block
......If
........Lt
..........Id(a)
..........Id(b)
........Assign
..........Id(a)
..........Id(b)
........Block
......If
........Lt
..........Id(a)
..........Id(v)
........Assign
..........Id(a)
..........Id(b)
........Assign
..........Id(b)
..........Id(a)
......If
........Lt
..........Id(a)
..........Id(v)
........Assign
..........Id(a)
..........Id(b)
........Block
......If
........Lt
..........Id(a)
..........Id(v)
........Assign
..........Id(a)
..........Id(b)
........Assign
..........Id(b)
..........Id(a)
......If
........Lt
..........Id(a)
..........Id(b)
........Block
..........Assign
............Id(a)
............Id(b)
..........Assign
............Id(b)
............Id(c)
........Block
......If
........Lt
..........Id(a)
..........Id(b)
........Block
..........Assign
............Id(a)
............Id(b)
..........Assign
............Id(b)
............Id(c)
........Assign
..........Id(b)
..........Id(a)
......If
........Lt
..........Id(a)
..........Id(b)
........Block
..........Assign
............Id(a)
............Id(b)
..........Assign
............Id(b)
............Id(c)
........Block
..........Assign
............Id(b)
............Id(a)
..........Assign
............Id(b)
............Id(c)
......Assign
........Id(a)
........Minus
..........Minus
............Minus
..............DecLit(5)
..MethodDecl
....MethodHeader
......Void
......Id(whiles)
......MethodParams
........ParamDecl
..........StringArray
..........Id(yo)
....MethodBody
......While
........Lt
..........Id(a)
..........Id(b)
........Block
......While
........Lt
..........Id(a)
..........Id(b)
........Block
......While
........Lt
..........Id(a)
..........Id(b)
........Block
......While
........Lt
..........Id(a)
..........Id(b)
........Assign
..........Id(a)
..........Id(b)
......While
........Lt
..........Id(a)
..........Id(b)
........Block
..........Assign
............Id(a)
............Id(b)
..........Assign
............Id(b)
............Id(a)
......DoWhile
........Block
........Lt
..........Id(a)
..........Id(b)
......DoWhile
........Block
........Lt
..........Id(a)
..........Id(b)
......DoWhile
........Block
........Lt
..........Id(a)
..........Id(b)
......DoWhile
........Assign
..........Id(a)
..........Id(b)
........Lt
..........Id(a)
..........Id(b)
......DoWhile
........Block
..........Assign
............Id(a)
............Id(b)
..........Assign
............Id(b)
............Id(a)
........Lt
..........Id(a)
..........Id(b)
..MethodDecl
....MethodHeader
......Void
......Id(ifprec)
......MethodParams
....MethodBody
......If
........Lt
..........Id(a)
..........Id(b)
........If
..........Lt
............Id(b)
............Id(c)
..........Assign
............Id(b)
............Id(c)
..........Assign
............Id(a)
............Id(c)
........Block
..MethodDecl
....MethodHeader
......Void
......Id(last)
......MethodParams
........ParamDecl
..........Int
..........Id(FINAL)
....MethodBody
......Block
........Assign
..........Id(a)
..........Id(b)
........Assign
..........Id(b)
..........Id(c)
......VarDecl
........Int
........Id(z)
......VarDecl
........Int
........Id(x)
......Call
........Id(print)
........Id(a)
..MethodDecl
....MethodHeader
......Int
......Id(empty)
......MethodParams
....MethodBody
