5.5690000000000000E+07
true
true
%\%\%
a
6
5
true
90
90
-5.5000000000000000E+00
A
11
a = -a
-11
LUL -5
-5
a = ---a
11
a = --a
11
true
ARGS:
3.0000000000000000E+00
ARGS:
6
DDDD
1.0000000000000000E+00
false
false
LUUULL

La%fsfkhh"hjsfahfshfsh
asaddd '     	          asdas           \       sUUULL

false
5.0000000000000000E+01
10
6
